[INFO] Scanning for projects...
[INFO] 
[INFO] ----------------< com.example:tasks-management-backend >----------------
[INFO] Building tasks-management-backend 0.0.1-SNAPSHOT
[INFO]   from pom.xml
[INFO] --------------------------------[ jar ]---------------------------------
[INFO] 
[INFO] --- resources:3.3.1:resources (default-resources) @ tasks-management-backend ---
[INFO] Copying 1 resource from src/main/resources to target/classes
[INFO] Copying 0 resource from src/main/resources to target/classes
[INFO] 
[INFO] --- compiler:3.13.0:compile (default-compile) @ tasks-management-backend ---
[INFO] Nothing to compile - all classes are up to date.
[INFO] 
[INFO] --- resources:3.3.1:testResources (default-testResources) @ tasks-management-backend ---
[INFO] skip non existing resourceDirectory /Users/aakash/Downloads/tasks-management-backend/src/test/resources
[INFO] 
[INFO] --- compiler:3.13.0:testCompile (default-testCompile) @ tasks-management-backend ---
[INFO] Nothing to compile - all classes are up to date.
[INFO] 
[INFO] --- surefire:3.2.5:test (default-test) @ tasks-management-backend ---
[INFO] Using auto detected provider org.apache.maven.surefire.junitplatform.JUnitPlatformProvider
[INFO] 
[INFO] -------------------------------------------------------
[INFO]  T E S T S
[INFO] -------------------------------------------------------
[INFO] Running com.example.tasks_management_backend.service.TaskServiceTest
[ERROR] Tests run: 5, Failures: 0, Errors: 3, Skipped: 0, Time elapsed: 0.660 s <<< FAILURE! -- in com.example.tasks_management_backend.service.TaskServiceTest
[ERROR] com.example.tasks_management_backend.service.TaskServiceTest.saveTask_Success -- Time elapsed: 0.621 s <<< ERROR!
java.lang.NullPointerException: Cannot invoke "com.example.tasks_management_backend.service.UserService.getCurrentUser()" because "this.userService" is null
	at com.example.tasks_management_backend.service.TaskService.saveTask(TaskService.java:40)
	at com.example.tasks_management_backend.service.TaskServiceTest.saveTask_Success(TaskServiceTest.java:56)
	at java.base/java.lang.reflect.Method.invoke(Method.java:580)
	at java.base/java.util.ArrayList.forEach(ArrayList.java:1596)
	at java.base/java.util.ArrayList.forEach(ArrayList.java:1596)

[ERROR] com.example.tasks_management_backend.service.TaskServiceTest.updateTask_Success -- Time elapsed: 0.007 s <<< ERROR!
java.lang.NullPointerException: Cannot invoke "com.example.tasks_management_backend.service.UserService.getCurrentUser()" because "this.userService" is null
	at com.example.tasks_management_backend.service.TaskService.validateTaskOwnership(TaskService.java:166)
	at com.example.tasks_management_backend.service.TaskService.updateTask(TaskService.java:54)
	at com.example.tasks_management_backend.service.TaskServiceTest.updateTask_Success(TaskServiceTest.java:86)
	at java.base/java.lang.reflect.Method.invoke(Method.java:580)
	at java.base/java.util.ArrayList.forEach(ArrayList.java:1596)
	at java.base/java.util.ArrayList.forEach(ArrayList.java:1596)

[ERROR] com.example.tasks_management_backend.service.TaskServiceTest.createSubTask_Success -- Time elapsed: 0.003 s <<< ERROR!
java.lang.NullPointerException: Cannot invoke "com.example.tasks_management_backend.service.UserService.getCurrentUser()" because "this.userService" is null
	at com.example.tasks_management_backend.service.TaskService.validateTaskOwnership(TaskService.java:166)
	at com.example.tasks_management_backend.service.TaskService.createSubTask(TaskService.java:128)
	at com.example.tasks_management_backend.service.TaskServiceTest.createSubTask_Success(TaskServiceTest.java:106)
	at java.base/java.lang.reflect.Method.invoke(Method.java:580)
	at java.base/java.util.ArrayList.forEach(ArrayList.java:1596)
	at java.base/java.util.ArrayList.forEach(ArrayList.java:1596)

[INFO] 
[INFO] Results:
[INFO] 
[ERROR] Errors: 
[ERROR]   TaskServiceTest.createSubTask_Success:106 » NullPointer Cannot invoke "com.example.tasks_management_backend.service.UserService.getCurrentUser()" because "this.userService" is null
[ERROR]   TaskServiceTest.saveTask_Success:56 » NullPointer Cannot invoke "com.example.tasks_management_backend.service.UserService.getCurrentUser()" because "this.userService" is null
[ERROR]   TaskServiceTest.updateTask_Success:86 » NullPointer Cannot invoke "com.example.tasks_management_backend.service.UserService.getCurrentUser()" because "this.userService" is null
[INFO] 
[ERROR] Tests run: 5, Failures: 0, Errors: 3, Skipped: 0
[INFO] 
[INFO] ------------------------------------------------------------------------
[INFO] BUILD FAILURE
[INFO] ------------------------------------------------------------------------
[INFO] Total time:  1.834 s
[INFO] Finished at: 2025-11-24T17:39:37+05:30
[INFO] ------------------------------------------------------------------------
[ERROR] Failed to execute goal org.apache.maven.plugins:maven-surefire-plugin:3.2.5:test (default-test) on project tasks-management-backend: 
[ERROR] 
[ERROR] Please refer to /Users/aakash/Downloads/tasks-management-backend/target/surefire-reports for the individual test results.
[ERROR] Please refer to dump files (if any exist) [date].dump, [date]-jvmRun[N].dump and [date].dumpstream.
[ERROR] -> [Help 1]
[ERROR] 
[ERROR] To see the full stack trace of the errors, re-run Maven with the -e switch.
[ERROR] Re-run Maven using the -X switch to enable full debug logging.
[ERROR] 
[ERROR] For more information about the errors and possible solutions, please read the following articles:
[ERROR] [Help 1] http://cwiki.apache.org/confluence/display/MAVEN/MojoFailureException
